{
  "exitCode": 0,
  "checks": [
    "three styles and series shared views/search; same data screenshots of home, series and book details",
    "return restores homepage search, sort and scroll",
    "series batch failure/success; read-only restore preview and auto-backup preference controls",
    "actual App close-request callback prevents window destruction during an in-flight failed book switch",
    "bookmarks fail/retry, plain text, missing-page preservation, pinned toolbar, last-page next volume failure/success",
    "640x480 navigation, series and book detail controls accessible without horizontal overflow",
    "10,000-book series aggregation measured; series covers initially bounded to 60"
  ],
  "pageErrors": [],
  "performance": {
    "books": 10000,
    "groups": 1000,
    "aggregateMs": 16.100000001490116,
    "renderedSeries": 60
  },
  "boundary": "Actual Vue browser / in-memory isolated mock IPC; not native Windows acceptance"
}
