   Compiling rusqlite v0.37.0
   Compiling manga-reader v0.1.4 (/workspace/MangaFolio-management-ui/src-tauri)
error[E0433]: cannot find `DatabaseName` in `rusqlite`
  --> src/library_safety.rs:10:41
   |
10 |     if let Err(e)=conn.backup(rusqlite::DatabaseName::Main,&path,None) {let _=std::fs::remove_file(&path);return Err(format!("升級...
   |                                         ^^^^^^^^^^^^ could not find `DatabaseName` in `rusqlite`

error[E0063]: missing field `bookmarks` in initializer of `library::LibraryBackup`
    --> src/library.rs:1065:22
     |
1065 |         let backup = LibraryBackup {
     |                      ^^^^^^^^^^^^^ missing `bookmarks`

error[E0063]: missing field `bookmarks` in initializer of `library::LibraryBackup`
    --> src/library.rs:1217:22
     |
1217 |         let backup = LibraryBackup {
     |                      ^^^^^^^^^^^^^ missing `bookmarks`

error[E0063]: missing field `bookmarks` in initializer of `library::LibraryBackup`
    --> src/library.rs:1624:26
     |
1624 |         let mut backup = LibraryBackup {
     |                          ^^^^^^^^^^^^^ missing `bookmarks`

error[E0063]: missing field `bookmarks` in initializer of `library::LibraryBackup`
    --> src/library.rs:1948:22
     |
1948 |         let backup = LibraryBackup {
     |                      ^^^^^^^^^^^^^ missing `bookmarks`

error[E0063]: missing field `bookmarks` in initializer of `library::LibraryBackup`
    --> src/library.rs:1970:26
     |
1970 |         let mut backup = LibraryBackup {
     |                          ^^^^^^^^^^^^^ missing `bookmarks`

warning: unused import: `Write`
 --> src/library_safety.rs:2:20
  |
2 | use std::io::{Read,Write};
  |                    ^^^^^
  |
  = note: `#[warn(unused_imports)]` (part of `#[warn(unused)]`) on by default

For more information about this error, try `rustc --explain E0433`.
warning: `manga-reader` (lib) generated 1 warning
error: could not compile `manga-reader` (lib) due to 1 previous error; 1 warning emitted
warning: build failed, waiting for other jobs to finish...
Some errors have detailed explanations: E0063, E0433.
For more information about an error, try `rustc --explain E0063`.
warning: `manga-reader` (lib test) generated 1 warning (1 duplicate)
error: could not compile `manga-reader` (lib test) due to 6 previous errors; 1 warning emitted
