
> manga-reader@0.1.4 test
> node --experimental-strip-types --test tests/*.test.ts tests/*.test.mjs

TAP version 13
# Subtest: appearance restores known settings and tolerates missing or corrupt storage
not ok 1 - appearance restores known settings and tolerates missing or corrupt storage
  ---
  duration_ms: 3.765669
  type: 'test'
  location: '/workspace/MangaFolio-management-ui/tests/appearance.test.ts:9:1'
  failureType: 'testCodeFailure'
  error: |-
    Expected values to be strictly deep-equal:
    + actual - expected
    
      {
        coverSize: 'large',
        density: 'compact',
    +   readerPinned: false,
        style: 'calm',
        theme: 'dark',
        view: 'compact'
      }
    
  code: 'ERR_ASSERTION'
  name: 'AssertionError'
  expected:
    style: 'calm'
    theme: 'dark'
    view: 'compact'
    density: 'compact'
    coverSize: 'large'
  actual:
    style: 'calm'
    theme: 'dark'
    view: 'compact'
    density: 'compact'
    coverSize: 'large'
    readerPinned: false
  operator: 'deepStrictEqual'
  stack: |-
    TestContext.<anonymous> (file:///workspace/MangaFolio-management-ui/tests/appearance.test.ts:12:10)
    Test.runInAsyncScope (node:async_hooks:214:14)
    Test.run (node:internal/test_runner/test:1047:25)
    Test.start (node:internal/test_runner/test:944:17)
    startSubtestAfterBootstrap (node:internal/test_runner/harness:296:17)
  ...
# Subtest: styles are independent from view and theme and old preferences gain default style
ok 2 - styles are independent from view and theme and old preferences gain default style
  ---
  duration_ms: 0.356706
  type: 'test'
  ...
# Subtest: cover queue bounds concurrent decoding and skips canceled offscreen jobs
ok 3 - cover queue bounds concurrent decoding and skips canceled offscreen jobs
  ---
  duration_ms: 79.242931
  type: 'test'
  ...
# file:///workspace/MangaFolio-management-ui/.favorite-test-LOcyBS/reader.mjs:3
# import { openPath, openLibraryBook, openBookmark, renderPageUrl, } from "./ipc.mjs";
#                                     ^^^^^^^^^^^^
# SyntaxError: The requested module './ipc.mjs' does not provide an export named 'openBookmark'
#     at ModuleJob._instantiate (node:internal/modules/esm/module_job:226:21)
#     at async ModuleJob.run (node:internal/modules/esm/module_job:335:5)
#     at async onImport.tracePromise.__proto__ (node:internal/modules/esm/loader:681:26)
#     at async file:///workspace/MangaFolio-management-ui/tests/favorite-store.test.mjs:58:31
# Node.js v22.23.3
# Subtest: tests/favorite-store.test.mjs
not ok 3 - tests/favorite-store.test.mjs
  ---
  duration_ms: 604.730596
  type: 'test'
  location: '/workspace/MangaFolio-management-ui/tests/favorite-store.test.mjs:1:1'
  failureType: 'testCodeFailure'
  exitCode: 1
  signal: ~
  error: 'test failed'
  code: 'ERR_TEST_FAILURE'
  ...
# Subtest: batch import records added, updated, failed and conflicts and continues
ok 5 - batch import records added, updated, failed and conflicts and continues
  ---
  duration_ms: 2.640522
  type: 'test'
  ...
# Subtest: cancel preserves the in-flight successful item and never starts remaining sources
ok 6 - cancel preserves the in-flight successful item and never starts remaining sources
  ---
  duration_ms: 0.2919
  type: 'test'
  ...
# Subtest: search handles Chinese names, width normalization, case and surrounding spaces
ok 7 - search handles Chinese names, width normalization, case and surrounding spaces
  ---
  duration_ms: 1.606928
  type: 'test'
  ...
# Subtest: favorite and recent filters combine with search and distinguish unread from page one
ok 8 - favorite and recent filters combine with search and distinguish unread from page one
  ---
  duration_ms: 0.225973
  type: 'test'
  ...
# Subtest: natural title sorting and recent sorting do not mutate stored library order
ok 9 - natural title sorting and recent sorting do not mutate stored library order
  ---
  duration_ms: 6.286685
  type: 'test'
  ...
# Subtest: full-width b searches titles without matching archive path extensions
ok 10 - full-width b searches titles without matching archive path extensions
  ---
  duration_ms: 0.330037
  type: 'test'
  ...
# Subtest: status, missing-source, favorites, tags and metadata search compose without resetting
ok 11 - status, missing-source, favorites, tags and metadata search compose without resetting
  ---
  duration_ms: 0.374271
  type: 'test'
  ...
# Subtest: large library filtering and sorting keep a stable source array
ok 12 - large library filtering and sorting keep a stable source array
  ---
  duration_ms: 78.808076
  type: 'test'
  ...
# Subtest: series aggregate separates manual read count and page percentage; resume uses available recent unread state
ok 13 - series aggregate separates manual read count and page percentage; resume uses available recent unread state
  ---
  duration_ms: 1.622
  type: 'test'
  ...
# Subtest: volume ordering is natural; ambiguous/missing/special/duplicate/gaps never choose arbitrary next
ok 14 - volume ordering is natural; ambiguous/missing/special/duplicate/gaps never choose arbitrary next
  ---
  duration_ms: 7.133843
  type: 'test'
  ...
# Subtest: bookmark page-name localization follows insertions and refuses missing pages
ok 15 - bookmark page-name localization follows insertions and refuses missing pages
  ---
  duration_ms: 0.416574
  type: 'test'
  ...
1..15
# tests 15
# suites 0
# pass 13
# fail 2
# cancelled 0
# skipped 0
# todo 0
# duration_ms 618.893107
